// Jest Snapshot v1, https://goo.gl/fbAQLP

exports[`Popular component testing 1`] = `
<div
  className="container"
>
  <div
    className="imageContainer"
  >
    <img
      className="mainImage"
      src="mainimage.gif"
    />
  </div>
  <h1
    className="neon"
  >
    Coins Overview
  </h1>
  <div
    className="coinsContainer"
  />
</div>
`;
